Pandoc
  Meta
    { unMeta =
        fromList [ ( "title" , MetaInlines [ Str "test" ] ) ]
    }
  [ Para [ Str "content" ] ]
